2026-09-18 22:25:37,198 INFO PURCHASE: sending MTI 0200; fields: {2: '4242424242424242', 3: '000000', 4: '000000001250', 7: '0918222537', 11: '872234', 12: '222537', 13: '0918', 32: '123456', 37: '872234222537', 41: 'POS12345', 42: 'DEMO MERCHANT  ', 49: '356', 62: 'DEMO-PURCHASE'}
2026-09-18 22:25:37,198 INFO PURCHASE request hex dump:
0000  30 32 30 30 72 38 00 01 08 C0 80 04 31 36 34 32  |0200r8......1642|
0010  34 32 34 32 34 32 34 32 34 32 34 32 34 32 30 30  |4242424242424200|
0020  30 30 30 30 30 30 30 30 30 30 30 30 31 32 35 30  |0000000000001250|
0030  30 39 31 38 32 32 32 35 33 37 38 37 32 32 33 34  |0918222537872234|
0040  32 32 32 35 33 37 30 39 31 38 30 36 31 32 33 34  |2225370918061234|
0050  35 36 38 37 32 32 33 34 32 32 32 35 33 37 50 4F  |56872234222537PO|
0060  53 31 32 33 34 35 44 45 4D 4F 20 4D 45 52 43 48  |S12345DEMO MERCH|
0070  41 4E 54 20 20 33 35 36 30 31 33 44 45 4D 4F 2D  |ANT  356013DEMO-|
0080  50 55 52 43 48 41 53 45                          |PURCHASE|
2026-09-18 22:25:37,259 INFO PURCHASE: received MTI 0210; decoded fields: {2: '4242424242424242', 3: '000000', 4: '000000001250', 7: '0918222537', 11: '872234', 12: '222537', 13: '0918', 32: '123456', 37: '872234222537', 39: '00', 41: 'POS12345', 42: 'DEMO MERCHANT  ', 49: '356', 62: 'DEMO-PURCHASE'}
2026-09-18 22:25:37,259 INFO PURCHASE response hex dump:
0000  30 32 31 30 72 38 00 01 0A C0 80 04 31 36 34 32  |0210r8......1642|
0010  34 32 34 32 34 32 34 32 34 32 34 32 34 32 30 30  |4242424242424200|
0020  30 30 30 30 30 30 30 30 30 30 30 30 31 32 35 30  |0000000000001250|
0030  30 39 31 38 32 32 32 35 33 37 38 37 32 32 33 34  |0918222537872234|
0040  32 32 32 35 33 37 30 39 31 38 30 36 31 32 33 34  |2225370918061234|
0050  35 36 38 37 32 32 33 34 32 32 32 35 33 37 30 30  |5687223422253700|
0060  50 4F 53 31 32 33 34 35 44 45 4D 4F 20 4D 45 52  |POS12345DEMO MER|
0070  43 48 41 4E 54 20 20 33 35 36 30 31 33 44 45 4D  |CHANT  356013DEM|
0080  4F 2D 50 55 52 43 48 41 53 45                    |O-PURCHASE|
2026-09-18 22:25:37,260 INFO PURCHASE verdict: APPROVED (DE39=00)
2026-09-18 22:25:37,260 INFO NETWORK ECHO: sending MTI 0800; fields: {7: '0918222537', 11: '056658', 62: 'ECHO-TEST'}
2026-09-18 22:25:37,260 INFO NETWORK ECHO request hex dump:
0000  30 38 30 30 02 20 00 00 00 00 00 04 30 39 31 38  |0800. ......0918|
0010  32 32 32 35 33 37 30 35 36 36 35 38 30 30 39 45  |222537056658009E|
0020  43 48 4F 2D 54 45 53 54                          |CHO-TEST|
2026-09-18 22:25:37,278 INFO NETWORK ECHO: received MTI 0810; decoded fields: {7: '0918222537', 11: '056658', 39: '00', 62: 'ECHO-TEST'}
2026-09-18 22:25:37,278 INFO NETWORK ECHO response hex dump:
0000  30 38 31 30 02 20 00 00 02 00 00 04 30 39 31 38  |0810. ......0918|
0010  32 32 32 35 33 37 30 35 36 36 35 38 30 30 30 30  |2225370566580000|
0020  39 45 43 48 4F 2D 54 45 53 54                    |9ECHO-TEST|
2026-09-18 22:25:37,278 INFO NETWORK ECHO verdict: APPROVED (DE39=00)
2026-09-18 22:25:37,278 INFO All scenarios completed successfully; transaction APPROVED (response code 00).
2026-09-18 22:27:36,840 INFO PURCHASE: sending MTI 0200; fields: {2: '4242424242424242', 3: '000000', 4: '000000001250', 7: '0918222736', 11: '891290', 12: '222736', 13: '0918', 32: '123456', 37: '891290222736', 41: 'POS12345', 42: 'DEMO MERCHANT  ', 49: '356', 62: 'DEMO-PURCHASE'}
2026-09-18 22:27:36,840 INFO PURCHASE request hex dump:
0000  30 32 30 30 72 38 00 01 08 C0 80 04 31 36 34 32  |0200r8......1642|
0010  34 32 34 32 34 32 34 32 34 32 34 32 34 32 30 30  |4242424242424200|
0020  30 30 30 30 30 30 30 30 30 30 30 30 31 32 35 30  |0000000000001250|
0030  30 39 31 38 32 32 32 37 33 36 38 39 31 32 39 30  |0918222736891290|
0040  32 32 32 37 33 36 30 39 31 38 30 36 31 32 33 34  |2227360918061234|
0050  35 36 38 39 31 32 39 30 32 32 32 37 33 36 50 4F  |56891290222736PO|
0060  53 31 32 33 34 35 44 45 4D 4F 20 4D 45 52 43 48  |S12345DEMO MERCH|
0070  41 4E 54 20 20 33 35 36 30 31 33 44 45 4D 4F 2D  |ANT  356013DEMO-|
0080  50 55 52 43 48 41 53 45                          |PURCHASE|
2026-09-18 22:27:36,858 INFO PURCHASE: received MTI 0210; decoded fields: {2: '4242424242424242', 3: '000000', 4: '000000001250', 7: '0918222736', 11: '891290', 12: '222736', 13: '0918', 32: '123456', 37: '891290222736', 39: '00', 41: 'POS12345', 42: 'DEMO MERCHANT  ', 49: '356', 62: 'DEMO-PURCHASE'}
2026-09-18 22:27:36,858 INFO PURCHASE response hex dump:
0000  30 32 31 30 72 38 00 01 0A C0 80 04 31 36 34 32  |0210r8......1642|
0010  34 32 34 32 34 32 34 32 34 32 34 32 34 32 30 30  |4242424242424200|
0020  30 30 30 30 30 30 30 30 30 30 30 30 31 32 35 30  |0000000000001250|
0030  30 39 31 38 32 32 32 37 33 36 38 39 31 32 39 30  |0918222736891290|
0040  32 32 32 37 33 36 30 39 31 38 30 36 31 32 33 34  |2227360918061234|
0050  35 36 38 39 31 32 39 30 32 32 32 37 33 36 30 30  |5689129022273600|
0060  50 4F 53 31 32 33 34 35 44 45 4D 4F 20 4D 45 52  |POS12345DEMO MER|
0070  43 48 41 4E 54 20 20 33 35 36 30 31 33 44 45 4D  |CHANT  356013DEM|
0080  4F 2D 50 55 52 43 48 41 53 45                    |O-PURCHASE|
2026-09-18 22:27:36,859 INFO PURCHASE verdict: APPROVED (DE39=00)
2026-09-18 22:27:36,859 INFO NETWORK ECHO: sending MTI 0800; fields: {7: '0918222736', 11: '366715', 62: 'ECHO-TEST'}
2026-09-18 22:27:36,859 INFO NETWORK ECHO request hex dump:
0000  30 38 30 30 02 20 00 00 00 00 00 04 30 39 31 38  |0800. ......0918|
0010  32 32 32 37 33 36 33 36 36 37 31 35 30 30 39 45  |222736366715009E|
0020  43 48 4F 2D 54 45 53 54                          |CHO-TEST|
2026-09-18 22:27:36,881 INFO NETWORK ECHO: received MTI 0810; decoded fields: {7: '0918222736', 11: '366715', 39: '00', 62: 'ECHO-TEST'}
2026-09-18 22:27:36,881 INFO NETWORK ECHO response hex dump:
0000  30 38 31 30 02 20 00 00 02 00 00 04 30 39 31 38  |0810. ......0918|
0010  32 32 32 37 33 36 33 36 36 37 31 35 30 30 30 30  |2227363667150000|
0020  39 45 43 48 4F 2D 54 45 53 54                    |9ECHO-TEST|
2026-09-18 22:27:36,881 INFO NETWORK ECHO verdict: APPROVED (DE39=00)
2026-09-18 22:27:36,881 INFO All scenarios completed successfully; transaction APPROVED (response code 00).
2026-09-18 22:28:09,547 INFO PURCHASE: sending MTI 0200; fields: {2: '4242424242424242', 3: '000000', 4: '000000001250', 7: '0918222809', 11: '505823', 12: '222809', 13: '0918', 32: '123456', 37: '505823222809', 41: 'POS12345', 42: 'DEMO MERCHANT  ', 49: '356', 62: 'DEMO-PURCHASE'}
2026-09-18 22:28:09,548 INFO PURCHASE request hex dump:
0000  30 32 30 30 72 38 00 01 08 C0 80 04 31 36 34 32  |0200r8......1642|
0010  34 32 34 32 34 32 34 32 34 32 34 32 34 32 30 30  |4242424242424200|
0020  30 30 30 30 30 30 30 30 30 30 30 30 31 32 35 30  |0000000000001250|
0030  30 39 31 38 32 32 32 38 30 39 35 30 35 38 32 33  |0918222809505823|
0040  32 32 32 38 30 39 30 39 31 38 30 36 31 32 33 34  |2228090918061234|
0050  35 36 35 30 35 38 32 33 32 32 32 38 30 39 50 4F  |56505823222809PO|
0060  53 31 32 33 34 35 44 45 4D 4F 20 4D 45 52 43 48  |S12345DEMO MERCH|
0070  41 4E 54 20 20 33 35 36 30 31 33 44 45 4D 4F 2D  |ANT  356013DEMO-|
0080  50 55 52 43 48 41 53 45                          |PURCHASE|
2026-09-18 22:28:09,555 INFO PURCHASE: received MTI 0210; decoded fields: {2: '4242424242424242', 3: '000000', 4: '000000001250', 7: '0918222809', 11: '505823', 12: '222809', 13: '0918', 32: '123456', 37: '505823222809', 39: '00', 41: 'POS12345', 42: 'DEMO MERCHANT  ', 49: '356', 62: 'DEMO-PURCHASE'}
2026-09-18 22:28:09,556 INFO PURCHASE response hex dump:
0000  30 32 31 30 72 38 00 01 0A C0 80 04 31 36 34 32  |0210r8......1642|
0010  34 32 34 32 34 32 34 32 34 32 34 32 34 32 30 30  |4242424242424200|
0020  30 30 30 30 30 30 30 30 30 30 30 30 31 32 35 30  |0000000000001250|
0030  30 39 31 38 32 32 32 38 30 39 35 30 35 38 32 33  |0918222809505823|
0040  32 32 32 38 30 39 30 39 31 38 30 36 31 32 33 34  |2228090918061234|
0050  35 36 35 30 35 38 32 33 32 32 32 38 30 39 30 30  |5650582322280900|
0060  50 4F 53 31 32 33 34 35 44 45 4D 4F 20 4D 45 52  |POS12345DEMO MER|
0070  43 48 41 4E 54 20 20 33 35 36 30 31 33 44 45 4D  |CHANT  356013DEM|
0080  4F 2D 50 55 52 43 48 41 53 45                    |O-PURCHASE|
2026-09-18 22:28:09,556 INFO PURCHASE verdict: APPROVED (DE39=00)
2026-09-18 22:28:09,556 INFO NETWORK ECHO: sending MTI 0800; fields: {7: '0918222809', 11: '852973', 62: 'ECHO-TEST'}
2026-09-18 22:28:09,556 INFO NETWORK ECHO request hex dump:
0000  30 38 30 30 02 20 00 00 00 00 00 04 30 39 31 38  |0800. ......0918|
0010  32 32 32 38 30 39 38 35 32 39 37 33 30 30 39 45  |222809852973009E|
0020  43 48 4F 2D 54 45 53 54                          |CHO-TEST|
2026-09-18 22:28:09,569 INFO NETWORK ECHO: received MTI 0810; decoded fields: {7: '0918222809', 11: '852973', 39: '00', 62: 'ECHO-TEST'}
2026-09-18 22:28:09,570 INFO NETWORK ECHO response hex dump:
0000  30 38 31 30 02 20 00 00 02 00 00 04 30 39 31 38  |0810. ......0918|
0010  32 32 32 38 30 39 38 35 32 39 37 33 30 30 30 30  |2228098529730000|
0020  39 45 43 48 4F 2D 54 45 53 54                    |9ECHO-TEST|
2026-09-18 22:28:09,570 INFO NETWORK ECHO verdict: APPROVED (DE39=00)
2026-09-18 22:28:09,570 INFO All scenarios completed successfully; transaction APPROVED (response code 00).
2026-09-18 22:33:10,911 INFO PURCHASE: sending MTI 0200; fields: {2: '4242424242424242', 3: '000000', 4: '000000001250', 7: '0918223310', 11: '155011', 12: '223310', 13: '0918', 32: '123456', 37: '155011223310', 41: 'POS12345', 42: 'DEMO MERCHANT  ', 49: '356', 62: 'DEMO-PURCHASE'}
2026-09-18 22:33:10,912 INFO PURCHASE request hex dump:
0000  30 32 30 30 72 38 00 01 08 C0 80 04 31 36 34 32  |0200r8......1642|
0010  34 32 34 32 34 32 34 32 34 32 34 32 34 32 30 30  |4242424242424200|
0020  30 30 30 30 30 30 30 30 30 30 30 30 31 32 35 30  |0000000000001250|
0030  30 39 31 38 32 32 33 33 31 30 31 35 35 30 31 31  |0918223310155011|
0040  32 32 33 33 31 30 30 39 31 38 30 36 31 32 33 34  |2233100918061234|
0050  35 36 31 35 35 30 31 31 32 32 33 33 31 30 50 4F  |56155011223310PO|
0060  53 31 32 33 34 35 44 45 4D 4F 20 4D 45 52 43 48  |S12345DEMO MERCH|
0070  41 4E 54 20 20 33 35 36 30 31 33 44 45 4D 4F 2D  |ANT  356013DEMO-|
0080  50 55 52 43 48 41 53 45                          |PURCHASE|
2026-09-18 22:33:10,936 INFO PURCHASE: received MTI 0210; decoded fields: {2: '4242424242424242', 3: '000000', 4: '000000001250', 7: '0918223310', 11: '155011', 12: '223310', 13: '0918', 32: '123456', 37: '155011223310', 39: '00', 41: 'POS12345', 42: 'DEMO MERCHANT  ', 49: '356', 62: 'DEMO-PURCHASE'}
2026-09-18 22:33:10,936 INFO PURCHASE response hex dump:
0000  30 32 31 30 72 38 00 01 0A C0 80 04 31 36 34 32  |0210r8......1642|
0010  34 32 34 32 34 32 34 32 34 32 34 32 34 32 30 30  |4242424242424200|
0020  30 30 30 30 30 30 30 30 30 30 30 30 31 32 35 30  |0000000000001250|
0030  30 39 31 38 32 32 33 33 31 30 31 35 35 30 31 31  |0918223310155011|
0040  32 32 33 33 31 30 30 39 31 38 30 36 31 32 33 34  |2233100918061234|
0050  35 36 31 35 35 30 31 31 32 32 33 33 31 30 30 30  |5615501122331000|
0060  50 4F 53 31 32 33 34 35 44 45 4D 4F 20 4D 45 52  |POS12345DEMO MER|
0070  43 48 41 4E 54 20 20 33 35 36 30 31 33 44 45 4D  |CHANT  356013DEM|
0080  4F 2D 50 55 52 43 48 41 53 45                    |O-PURCHASE|
2026-09-18 22:33:10,936 INFO PURCHASE verdict: APPROVED (DE39=00)
2026-09-18 22:33:10,936 INFO NETWORK ECHO: sending MTI 0800; fields: {7: '0918223310', 11: '622766', 62: 'ECHO-TEST'}
2026-09-18 22:33:10,937 INFO NETWORK ECHO request hex dump:
0000  30 38 30 30 02 20 00 00 00 00 00 04 30 39 31 38  |0800. ......0918|
0010  32 32 33 33 31 30 36 32 32 37 36 36 30 30 39 45  |223310622766009E|
0020  43 48 4F 2D 54 45 53 54                          |CHO-TEST|
2026-09-18 22:33:10,948 INFO NETWORK ECHO: received MTI 0810; decoded fields: {7: '0918223310', 11: '622766', 39: '00', 62: 'ECHO-TEST'}
2026-09-18 22:33:10,948 INFO NETWORK ECHO response hex dump:
0000  30 38 31 30 02 20 00 00 02 00 00 04 30 39 31 38  |0810. ......0918|
0010  32 32 33 33 31 30 36 32 32 37 36 36 30 30 30 30  |2233106227660000|
0020  39 45 43 48 4F 2D 54 45 53 54                    |9ECHO-TEST|
2026-09-18 22:33:10,948 INFO NETWORK ECHO verdict: APPROVED (DE39=00)
2026-09-18 22:33:10,949 INFO All scenarios completed successfully; transaction APPROVED (response code 00).
