2026-09-18 22:25:31,523 INFO ISO 8583 issuer/switch listening on 127.0.0.1:8583
2026-09-18 22:27:12,483 INFO ISO 8583 issuer/switch listening on 127.0.0.1:8583
2026-09-18 22:28:09,550 INFO Connected: 127.0.0.1:52899
2026-09-18 22:28:09,550 INFO Received MTI 0200; decoded fields: {2: '4242424242424242', 3: '000000', 4: '000000001250', 7: '0918222809', 11: '505823', 12: '222809', 13: '0918', 32: '123456', 37: '505823222809', 41: 'POS12345', 42: 'DEMO MERCHANT  ', 49: '356', 62: 'DEMO-PURCHASE'}
2026-09-18 22:28:09,554 INFO Incoming ISO 8583 hex dump:
0000  30 32 30 30 72 38 00 01 08 C0 80 04 31 36 34 32  |0200r8......1642|
0010  34 32 34 32 34 32 34 32 34 32 34 32 34 32 30 30  |4242424242424200|
0020  30 30 30 30 30 30 30 30 30 30 30 30 31 32 35 30  |0000000000001250|
0030  30 39 31 38 32 32 32 38 30 39 35 30 35 38 32 33  |0918222809505823|
0040  32 32 32 38 30 39 30 39 31 38 30 36 31 32 33 34  |2228090918061234|
0050  35 36 35 30 35 38 32 33 32 32 32 38 30 39 50 4F  |56505823222809PO|
0060  53 31 32 33 34 35 44 45 4D 4F 20 4D 45 52 43 48  |S12345DEMO MERCH|
0070  41 4E 54 20 20 33 35 36 30 31 33 44 45 4D 4F 2D  |ANT  356013DEMO-|
0080  50 55 52 43 48 41 53 45                          |PURCHASE|
2026-09-18 22:28:09,555 INFO Sent MTI 0210; decoded fields: {2: '4242424242424242', 3: '000000', 4: '000000001250', 7: '0918222809', 11: '505823', 12: '222809', 13: '0918', 32: '123456', 37: '505823222809', 41: 'POS12345', 42: 'DEMO MERCHANT  ', 49: '356', 62: 'DEMO-PURCHASE', 39: '00'}
2026-09-18 22:28:09,556 INFO Outgoing ISO 8583 hex dump:
0000  30 32 31 30 72 38 00 01 0A C0 80 04 31 36 34 32  |0210r8......1642|
0010  34 32 34 32 34 32 34 32 34 32 34 32 34 32 30 30  |4242424242424200|
0020  30 30 30 30 30 30 30 30 30 30 30 30 31 32 35 30  |0000000000001250|
0030  30 39 31 38 32 32 32 38 30 39 35 30 35 38 32 33  |0918222809505823|
0040  32 32 32 38 30 39 30 39 31 38 30 36 31 32 33 34  |2228090918061234|
0050  35 36 35 30 35 38 32 33 32 32 32 38 30 39 30 30  |5650582322280900|
0060  50 4F 53 31 32 33 34 35 44 45 4D 4F 20 4D 45 52  |POS12345DEMO MER|
0070  43 48 41 4E 54 20 20 33 35 36 30 31 33 44 45 4D  |CHANT  356013DEM|
0080  4F 2D 50 55 52 43 48 41 53 45                    |O-PURCHASE|
2026-09-18 22:28:09,561 INFO Disconnected: 127.0.0.1:52899
2026-09-18 22:28:09,562 INFO Connected: 127.0.0.1:52900
2026-09-18 22:28:09,568 INFO Received MTI 0800; decoded fields: {7: '0918222809', 11: '852973', 62: 'ECHO-TEST'}
2026-09-18 22:28:09,568 INFO Incoming ISO 8583 hex dump:
0000  30 38 30 30 02 20 00 00 00 00 00 04 30 39 31 38  |0800. ......0918|
0010  32 32 32 38 30 39 38 35 32 39 37 33 30 30 39 45  |222809852973009E|
0020  43 48 4F 2D 54 45 53 54                          |CHO-TEST|
2026-09-18 22:28:09,569 INFO Sent MTI 0810; decoded fields: {7: '0918222809', 11: '852973', 62: 'ECHO-TEST', 39: '00'}
2026-09-18 22:28:09,570 INFO Outgoing ISO 8583 hex dump:
0000  30 38 31 30 02 20 00 00 02 00 00 04 30 39 31 38  |0810. ......0918|
0010  32 32 32 38 30 39 38 35 32 39 37 33 30 30 30 30  |2228098529730000|
0020  39 45 43 48 4F 2D 54 45 53 54                    |9ECHO-TEST|
2026-09-18 22:28:09,570 INFO Disconnected: 127.0.0.1:52900
2026-09-18 22:32:13,437 INFO ISO 8583 issuer/switch listening on 127.0.0.1:8583
2026-09-18 22:33:10,934 INFO Connected: 127.0.0.1:64887
2026-09-18 22:33:10,934 INFO Received MTI 0200; decoded fields: {2: '4242424242424242', 3: '000000', 4: '000000001250', 7: '0918223310', 11: '155011', 12: '223310', 13: '0918', 32: '123456', 37: '155011223310', 41: 'POS12345', 42: 'DEMO MERCHANT  ', 49: '356', 62: 'DEMO-PURCHASE'}
2026-09-18 22:33:10,934 INFO Incoming ISO 8583 hex dump:
0000  30 32 30 30 72 38 00 01 08 C0 80 04 31 36 34 32  |0200r8......1642|
0010  34 32 34 32 34 32 34 32 34 32 34 32 34 32 30 30  |4242424242424200|
0020  30 30 30 30 30 30 30 30 30 30 30 30 31 32 35 30  |0000000000001250|
0030  30 39 31 38 32 32 33 33 31 30 31 35 35 30 31 31  |0918223310155011|
0040  32 32 33 33 31 30 30 39 31 38 30 36 31 32 33 34  |2233100918061234|
0050  35 36 31 35 35 30 31 31 32 32 33 33 31 30 50 4F  |56155011223310PO|
0060  53 31 32 33 34 35 44 45 4D 4F 20 4D 45 52 43 48  |S12345DEMO MERCH|
0070  41 4E 54 20 20 33 35 36 30 31 33 44 45 4D 4F 2D  |ANT  356013DEMO-|
0080  50 55 52 43 48 41 53 45                          |PURCHASE|
2026-09-18 22:33:10,934 INFO Sent MTI 0210; decoded fields: {2: '4242424242424242', 3: '000000', 4: '000000001250', 7: '0918223310', 11: '155011', 12: '223310', 13: '0918', 32: '123456', 37: '155011223310', 41: 'POS12345', 42: 'DEMO MERCHANT  ', 49: '356', 62: 'DEMO-PURCHASE', 39: '00'}
2026-09-18 22:33:10,934 INFO Outgoing ISO 8583 hex dump:
0000  30 32 31 30 72 38 00 01 0A C0 80 04 31 36 34 32  |0210r8......1642|
0010  34 32 34 32 34 32 34 32 34 32 34 32 34 32 30 30  |4242424242424200|
0020  30 30 30 30 30 30 30 30 30 30 30 30 31 32 35 30  |0000000000001250|
0030  30 39 31 38 32 32 33 33 31 30 31 35 35 30 31 31  |0918223310155011|
0040  32 32 33 33 31 30 30 39 31 38 30 36 31 32 33 34  |2233100918061234|
0050  35 36 31 35 35 30 31 31 32 32 33 33 31 30 30 30  |5615501122331000|
0060  50 4F 53 31 32 33 34 35 44 45 4D 4F 20 4D 45 52  |POS12345DEMO MER|
0070  43 48 41 4E 54 20 20 33 35 36 30 31 33 44 45 4D  |CHANT  356013DEM|
0080  4F 2D 50 55 52 43 48 41 53 45                    |O-PURCHASE|
2026-09-18 22:33:10,934 INFO Disconnected: 127.0.0.1:64887
2026-09-18 22:33:10,934 INFO Connected: 127.0.0.1:64888
2026-09-18 22:33:10,946 INFO Received MTI 0800; decoded fields: {7: '0918223310', 11: '622766', 62: 'ECHO-TEST'}
2026-09-18 22:33:10,946 INFO Incoming ISO 8583 hex dump:
0000  30 38 30 30 02 20 00 00 00 00 00 04 30 39 31 38  |0800. ......0918|
0010  32 32 33 33 31 30 36 32 32 37 36 36 30 30 39 45  |223310622766009E|
0020  43 48 4F 2D 54 45 53 54                          |CHO-TEST|
2026-09-18 22:33:10,948 INFO Sent MTI 0810; decoded fields: {7: '0918223310', 11: '622766', 62: 'ECHO-TEST', 39: '00'}
2026-09-18 22:33:10,949 INFO Outgoing ISO 8583 hex dump:
0000  30 38 31 30 02 20 00 00 02 00 00 04 30 39 31 38  |0810. ......0918|
0010  32 32 33 33 31 30 36 32 32 37 36 36 30 30 30 30  |2233106227660000|
0020  39 45 43 48 4F 2D 54 45 53 54                    |9ECHO-TEST|
2026-09-18 22:33:10,950 INFO Disconnected: 127.0.0.1:64888
